[31m[1m╭ ERROR [VAS26]:[22m[39m[31m begin/end blocks not allowed inside case statements.[39m
[31m│[39m[90m   ╭───── casebegin.va:7[39m
[31m│[90m7[0m  [90m│[0m         case(x) begin
[31m│[0m   [90m┊[0m         [33m━━┳━[0m    [91m━━┳━━
[31m│[0m   [90m┊[0m         [91m✗ Unexpected `begin`
[31m│[0m   [90m┊[0m [33m`case` statement starts here[0m
[31m│[39m[90m   │[39m
[31m│[39m[90m   ╰───── [39m
[31m╯[39m