[31m[1mâ•­ ERROR [VAS46]:[22m[39m[31m Unexpected semicolon.[39m
[31mâ”‚[39m[90m   â•­â”€â”€â”€â”€â”€ extra_semi.va:5[39m
[31mâ”‚[90m5[0m  [90mâ”‚[0m         begin[91m;
[31mâ”‚[0m   [90mâ”Š[0m              [91mâ”“
[31mâ”‚[0m   [90mâ”Š[0m   [91mâœ— Unexpected semicolon[0m
[31mâ”‚[39m[90m   â”‚[39m
[31mâ”‚[39m[90m   â•°â”€â”€â”€â”€â”€ [39mUnexpected semicolon.
