[31m[1mâ•­ ERROR [VAS46]:[22m[39m[31m Unexpected semicolon.[39m
[31mâ”‚[39m[90m   â•­â”€â”€â”€â”€â”€ extra_semi2.va:9[39m
[31mâ”‚[90m9[0m  [90mâ”‚[0m         begin
[31mâ”‚[90m10[0m [90mâ”‚[0m             if (x > `EXP_THRESHOLD)
[31mâ”‚[90m11[0m [90mâ”‚[0m                 expclamp = `MAX_EXP;
[31mâ”‚[90m12[0m [90mâ”‚[0m             else if (x < `EXP_THRESHOLD)
[31mâ”‚[90m13[0m [90mâ”‚[0m                 expclamp = `MIN_EXP;
[31mâ”‚[90m14[0m [90mâ”‚[0m             else
[31mâ”‚[90m15[0m [90mâ”‚[0m                 expclamp = exp(x);
[31mâ”‚[90m16[0m [90mâ”‚[0m         end[91m;
[31mâ”‚[0m   [90mâ”Š[0m            [91mâ”“
[31mâ”‚[0m   [90mâ”Š[0m [91mâœ— Unexpected semicolon[0m
[31mâ”‚[39m[90m   â”‚[39m
[31mâ”‚[39m[90m   â•°â”€â”€â”€â”€â”€ [39mUnexpected semicolon.
