[31m[1m╭ ERROR [VAS14]:[22m[39m[31m Statements without assignments are illegal in Verilog-A.[39m
[31m│[39m[90m   ╭───── missing_assignment.va:12[39m
[31m│[90m12[0m [90m│[0m                 NumFingerDiff(nf, minSD, niIntD, nuEndD, nuIntS, nuEndS);
[31m│[0m   [90m┊[0m                 [91m━━━━━━┳━━━━━━
[31m│[0m   [90m┊[0m         [91mStatement without assignment[0m
[31m│[39m[90m   │[39m
[31m│[39m[90m   ╰───── [39m