[31m[1mâ•­ ERROR [VAS47]:[22m[39m[31m Expected semicolon[39m[31m.[39m
[31mâ”‚[39m[90m   â•­â”€â”€â”€â”€â”€ PLL.va:1[39m
[31mâ”‚[90m1[0m  [90mâ”‚[0m module PLL(a)[91mâ—Œ 
[31mâ”‚[0m   [90mâ”Š[0m              [32m;[0m
[31mâ”‚[39m[90m   â”‚[39m
[31mâ”‚[39m[90m   â•°â”€â”€â”€â”€â”€ [39m Missing semicolon.
[31mâ”‚[39m
[31mâ”‚[0m [34mhelp:[0m The parser considered the declaration complete at the indicated location and thus expected a semicolon. If you expected the subsequent code to be part of this declaration, check for missing syntax (e.g. binary operators).
[31mâ•¯[39m