[31m[1mâ•­ ERROR [VAS99]:[22m[39m[31m Unexpected operator.[39m
[31mâ”‚[39m[90m  â•­â”€â”€â”€â”€â”€ ptr_deref.va:3[39m
[31mâ”‚[90m3[0m [90mâ”‚[0m         p=MTRLMOD->x;
[31mâ”‚[0m  [90mâ”Š[0m                   [91mâ”“
[31mâ”‚[0m  [90mâ”Š[0m        [91mâœ— Unexpected operator: [0m
[31mâ”‚[39m[90m  â”‚[39m
[31mâ”‚[39m[90m  â•°â”€â”€â”€â”€â”€ [39m
[31mâ•¯[39m