[31m[1m╭ ERROR [VAS49]:[22m[39m[31m Unterminated Analog Block.[39m
[31m│[39m[90m   ╭───── vtemexp.va:9[39m
[31m│[90m9[0m  [90m│[0m             if ((VTS - vjct) < VTS * 1e-3) begin
[31m│[0m   [90m┊[0m                                            [33m━━┳━━
[31m│[0m   [90m┊[0m                                      [33mBlock starts here[0m
[31m│[90m10[0m [90m│[0m                 T9 = 1.0e3;
[31m│[90m11[0m [90m│[0m                 T0 = - vjct / Nvtm * T9;
[31m│[90m12[0m [90m│[0m                 vtmexp = lexp(T0);[91m◌ 
[31m│[0m   [90m┊[0m                                   [32mend[0m
[31m│[90m13[0m [90m│[0m             else
[31m│[39m[90m   │[39m
[31m│[39m[90m   ╰───── [39m